Script started on 2024-06-19 10:17:41-05:00 [TERM="xterm-256color" TTY="/dev/pts/1" COLUMNS="204" LINES="55"]
[?2004h[bublik@vm-instunix-01] (1)$ [7mgit clone https://github.com/zhouwisc/CS400FirstGitLab[27m[C[C[C[C[C[C[C[C[C[C[C[C[C[C[C[C[C[C[C[C[C[C[C[C[C[C[C[C[Cgit clone https://github.com/zhouwisc/CS400FirstGitLab
[?2004lCloning into 'CS400FirstGitLab'...
remote: Enumerating objects: 4, done.[K
remote: Counting objects:  25% (1/4)[Kremote: Counting objects:  50% (2/4)[Kremote: Counting objects:  75% (3/4)[Kremote: Counting objects: 100% (4/4)[Kremote: Counting objects: 100% (4/4), done.[K
remote: Compressing objects:  25% (1/4)[Kremote: Compressing objects:  50% (2/4)[Kremote: Compressing objects:  75% (3/4)[Kremote: Compressing objects: 100% (4/4)[Kremote: Compressing objects: 100% (4/4), done.[K
remote: Total 4 (delta 0), reused 4 (delta 0), pack-reused 0[K
Receiving objects:  25% (1/4)Receiving objects:  50% (2/4)Receiving objects:  75% (3/4)Receiving objects: 100% (4/4)Receiving objects: 100% (4/4), done.
[?2004h[bublik@vm-instunix-01] (2)$ cd CS400FirstGitLab
[?2004l[?2004h[bublik@vm-instunix-01] (3)$ ls -a
[?2004l[0m[01;34m.[0m/  [01;34m..[0m/  Color.java  [01;34m.git[0m/  Main.java
[?2004h[bublik@vm-instunix-01] (4)$ git add .
[?2004l[?2004h[bublik@vm-instunix-01] (5)$ commit[K[K[K[K[K[Kgit commit -, [K[Km "[7mFirst version of Color class code[27mFirst version of Color class code"
[?2004lOn branch main
Your branch is up to date with 'origin/main'.

nothing to commit, working tree clean
[?2004h[bublik@vm-instunix-01] (6)$ push[K[K[K[Kgit push [K[K[K[K[K[K[Kt confi [K[Kig --global user,[K.name "ma[K[KMaxJBublik"
[?2004l[?2004h[bublik@vm-instunix-01] (7)$ it[K[Kgit confit [Kg[K[Kg --G[Kglobal user.email "mbublik@wisc.edu"
[?2004l[?2004h[bublik@vm-instunix-01] (8)$ git push origin "[7mhttps://github.com/MaxJBublik/CS400FirstGitLab.git[27m[C[C[C[C[C[C[C[C[C[C[C[C[C[C[C[C[C[C[C[C[C[C[C[C[C[C[C[C[C[C[C[C[C[C[C[C[C[C[C[C[C[C[C[C[C[Chttps://github.com/MaxJBublik/CS400FirstGitLab.git"
[?2004lfatal: invalid refspec 'https://github.com/MaxJBublik/CS400FirstGitLab.git'
[?2004h[bublik@vm-instunix-01] (9)$ git push origin "https://github.com/MaxJBublik/CS400FirstGitLab.git"[C[K[1Phttps://github.com/MaxJBublik/CS400FirstGitLab.git[C[C[C[C[C[C[C[C[C[C[C[C[C[C[C[C[C[C[C[C[C[C[C[C[C[C[C[C[C[C[C[C[C[C[C[C[C[C[C[C[C[C[C[C[C
[?2004lfatal: invalid refspec 'https://github.com/MaxJBublik/CS400FirstGitLab.git'
[?2004h[bublik@vm-instunix-01] (10)$ exit
[?2004lexit

Script done on 2024-06-19 10:26:04-05:00 [COMMAND_EXIT_CODE="128"]
